[
  {
    "suggestionType": "empty",
    "displayText": "⏎",
    "appendText": "\n"
  },
  {
    "displayText": "📅 due date",
    "appendText": "📅 "
  },
  {
    "displayText": "🛫 start date",
    "appendText": "🛫 "
  },
  {
    "displayText": "⏳ scheduled date",
    "appendText": "⏳ "
  },
  {
    "displayText": "🆔 Task ID",
    "appendText": "🆔 ****** "
  },
  {
    "displayText": "⛔ Task is Blocked by ID",
    "appendText": "⛔"
  }
]
